
SN 68k version 2.53

D:\DISASSEMBLY\BETASONIC IN SONIC 1\DEBUT AGAIN\THE-NEW-DEBUT\_INC\PALETTE POINTERS.ASM(26) : Warning : Size of pal_levels ($7) does not match ZoneCount ($6).

Assembly completed.
0 error(s) from 68884 lines in 0.34 seconds
